
### 1. Open a new terminal window.
   
### 2. Navigate back to your Flask project directory:
   ```bash
   ```

### 3. Activate the virtual environment:
   ```bash
   ```

### 4. Start the Flask application:
   ```bash
   cd /mnt/e/NIDS-model/src/flask-api
   source venv/bin/activate
   python run.py
   ```






































root@Abhinav:~# sudo apt update
Hit:1 http://security.ubuntu.com/ubuntu noble-security InRelease
Hit:2 http://archive.ubuntu.com/ubuntu noble InRelease
Get:3 http://archive.ubuntu.com/ubuntu noble-updates InRelease [126 kB]
Hit:4 http://archive.ubuntu.com/ubuntu noble-backports InRelease
Fetched 126 kB in 2s (57.7 kB/s)
Reading package lists... Done
Building dependency tree... Done
Reading state information... Done
54 packages can be upgraded. Run 'apt list --upgradable' to see them.
root@Abhinav:~# sudo apt install tcpdump
Reading package lists... Done
Building dependency tree... Done
Reading state information... Done
The following package was automatically installed and is no longer required:
  libllvm17t64
Use 'sudo apt autoremove' to remove it.
The following additional packages will be installed:
  ibverbs-providers libibverbs1 libnl-3-200 libnl-route-3-200 libpcap0.8t64
The following NEW packages will be installed:
  ibverbs-providers libibverbs1 libnl-3-200 libnl-route-3-200 libpcap0.8t64 tcpdump
0 upgraded, 6 newly installed, 0 to remove and 54 not upgraded.
Need to get 1316 kB of archives.
After this operation, 4019 kB of additional disk space will be used.
Do you want to continue? [Y/n] Y
Get:1 http://archive.ubuntu.com/ubuntu noble-updates/main amd64 libnl-3-200 amd64 3.7.0-0.3build1.1 [55.7 kB]
Get:2 http://archive.ubuntu.com/ubuntu noble-updates/main amd64 libnl-route-3-200 amd64 3.7.0-0.3build1.1 [189 kB]
Get:3 http://archive.ubuntu.com/ubuntu noble/main amd64 libibverbs1 amd64 50.0-2build2 [67.8 kB]
Get:4 http://archive.ubuntu.com/ubuntu noble/main amd64 ibverbs-providers amd64 50.0-2build2 [374 kB]
Get:5 http://archive.ubuntu.com/ubuntu noble/main amd64 libpcap0.8t64 amd64 1.10.4-4.1ubuntu3 [151 kB]
Get:6 http://archive.ubuntu.com/ubuntu noble/main amd64 tcpdump amd64 4.99.4-3ubuntu4 [479 kB]
Fetched 1316 kB in 25s (53.7 kB/s)
Selecting previously unselected package libnl-3-200:amd64.
(Reading database ... 40774 files and directories currently installed.)
Preparing to unpack .../0-libnl-3-200_3.7.0-0.3build1.1_amd64.deb ...
Unpacking libnl-3-200:amd64 (3.7.0-0.3build1.1) ...
Selecting previously unselected package libnl-route-3-200:amd64.
Preparing to unpack .../1-libnl-route-3-200_3.7.0-0.3build1.1_amd64.deb ...
Unpacking libnl-route-3-200:amd64 (3.7.0-0.3build1.1) ...
Selecting previously unselected package libibverbs1:amd64.
Preparing to unpack .../2-libibverbs1_50.0-2build2_amd64.deb ...
Unpacking libibverbs1:amd64 (50.0-2build2) ...
Selecting previously unselected package ibverbs-providers:amd64.
Preparing to unpack .../3-ibverbs-providers_50.0-2build2_amd64.deb ...
Unpacking ibverbs-providers:amd64 (50.0-2build2) ...
Selecting previously unselected package libpcap0.8t64:amd64.
Preparing to unpack .../4-libpcap0.8t64_1.10.4-4.1ubuntu3_amd64.deb ...
Unpacking libpcap0.8t64:amd64 (1.10.4-4.1ubuntu3) ...
Selecting previously unselected package tcpdump.
Preparing to unpack .../5-tcpdump_4.99.4-3ubuntu4_amd64.deb ...
Unpacking tcpdump (4.99.4-3ubuntu4) ...
Setting up libnl-3-200:amd64 (3.7.0-0.3build1.1) ...
Setting up libnl-route-3-200:amd64 (3.7.0-0.3build1.1) ...
Setting up libibverbs1:amd64 (50.0-2build2) ...
Setting up ibverbs-providers:amd64 (50.0-2build2) ...
Setting up libpcap0.8t64:amd64 (1.10.4-4.1ubuntu3) ...
Setting up tcpdump (4.99.4-3ubuntu4) ...
Processing triggers for man-db (2.12.0-4build2) ...
Processing triggers for libc-bin (2.39-0ubuntu8.4) ...
root@Abhinav:~# tcpdump --version
tcpdump version 4.99.4
libpcap version 1.10.4 (with TPACKET_V3)
OpenSSL 3.0.13 30 Jan 2024
root@Abhinav:~# cd /mnt/e/NIDS-model/src/flask-api
root@Abhinav:/mnt/e/NIDS-model/src/flask-api# python3 -m venv venv
The virtual environment was not created successfully because ensurepip is not
available.  On Debian/Ubuntu systems, you need to install the python3-venv
package using the following command.

    apt install python3.12-venv

You may need to use sudo with that command.  After installing the python3-venv
package, recreate your virtual environment.

Failing command: /mnt/e/NIDS-model/src/flask-api/venv/bin/python3

root@Abhinav:/mnt/e/NIDS-model/src/flask-api# sudo apt install python3.12-venv
Reading package lists... Done
Building dependency tree... Done
Reading state information... Done
The following package was automatically installed and is no longer required:
  libllvm17t64
Use 'sudo apt autoremove' to remove it.
The following additional packages will be installed:
  python3-pip-whl python3-setuptools-whl
The following NEW packages will be installed:
  python3-pip-whl python3-setuptools-whl python3.12-venv
0 upgraded, 3 newly installed, 0 to remove and 54 not upgraded.
Need to get 2424 kB of archives.
After this operation, 2771 kB of additional disk space will be used.
Do you want to continue? [Y/n] Y
Get:1 http://archive.ubuntu.com/ubuntu noble-updates/universe amd64 python3-pip-whl all 24.0+dfsg-1ubuntu1.1 [1703 kB]
Get:2 http://archive.ubuntu.com/ubuntu noble-updates/universe amd64 python3-setuptools-whl all 68.1.2-2ubuntu1.1 [716 kB]
Get:3 http://archive.ubuntu.com/ubuntu noble-updates/universe amd64 python3.12-venv amd64 3.12.3-1ubuntu0.5 [5678 B]
Fetched 2424 kB in 4s (690 kB/s)
Selecting previously unselected package python3-pip-whl.
(Reading database ... 40869 files and directories currently installed.)
Preparing to unpack .../python3-pip-whl_24.0+dfsg-1ubuntu1.1_all.deb ...
Unpacking python3-pip-whl (24.0+dfsg-1ubuntu1.1) ...
Selecting previously unselected package python3-setuptools-whl.
Preparing to unpack .../python3-setuptools-whl_68.1.2-2ubuntu1.1_all.deb ...
Unpacking python3-setuptools-whl (68.1.2-2ubuntu1.1) ...
Selecting previously unselected package python3.12-venv.
Preparing to unpack .../python3.12-venv_3.12.3-1ubuntu0.5_amd64.deb ...
Unpacking python3.12-venv (3.12.3-1ubuntu0.5) ...
Setting up python3-setuptools-whl (68.1.2-2ubuntu1.1) ...
Setting up python3-pip-whl (24.0+dfsg-1ubuntu1.1) ...
Setting up python3.12-venv (3.12.3-1ubuntu0.5) ...
root@Abhinav:/mnt/e/NIDS-model/src/flask-api# python3 -m venv venv
root@Abhinav:/mnt/e/NIDS-model/src/flask-api# source venv/bin/activate
(venv) root@Abhinav:/mnt/e/NIDS-model/src/flask-api# pip install -r requirements.txt
Collecting numpy==2.0.2 (from -r requirements.txt (line 1))
  Downloading numpy-2.0.2-cp312-cp312-manylinux_2_17_x86_64.manylinux2014_x86_64.whl.metadata (60 kB)
     ━━━━━━━━━━━━━━━━━━━━━━━━━━━━━━━━━━━━━━━━ 60.9/60.9 kB 210.0 kB/s eta 0:00:00
Collecting pandas==2.2.2 (from -r requirements.txt (line 2))
  Downloading pandas-2.2.2-cp312-cp312-manylinux_2_17_x86_64.manylinux2014_x86_64.whl.metadata (19 kB)
Collecting lightgbm==4.5.0 (from -r requirements.txt (line 3))
  Downloading lightgbm-4.5.0-py3-none-manylinux_2_28_x86_64.whl.metadata (17 kB)
Collecting scikit-learn==1.6.1 (from -r requirements.txt (line 4))
  Downloading scikit_learn-1.6.1-cp312-cp312-manylinux_2_17_x86_64.manylinux2014_x86_64.whl.metadata (18 kB)
Collecting flask (from -r requirements.txt (line 5))
  Downloading flask-3.1.0-py3-none-any.whl.metadata (2.7 kB)
Collecting cicflowmeter (from -r requirements.txt (line 6))
  Downloading cicflowmeter-0.2.0-py3-none-any.whl.metadata (2.1 kB)
Collecting requests (from -r requirements.txt (line 7))
  Downloading requests-2.32.3-py3-none-any.whl.metadata (4.6 kB)
Collecting python-dateutil>=2.8.2 (from pandas==2.2.2->-r requirements.txt (line 2))
  Downloading python_dateutil-2.9.0.post0-py2.py3-none-any.whl.metadata (8.4 kB)
Collecting pytz>=2020.1 (from pandas==2.2.2->-r requirements.txt (line 2))
  Downloading pytz-2025.2-py2.py3-none-any.whl.metadata (22 kB)
Collecting tzdata>=2022.7 (from pandas==2.2.2->-r requirements.txt (line 2))
  Downloading tzdata-2025.2-py2.py3-none-any.whl.metadata (1.4 kB)
Collecting scipy (from lightgbm==4.5.0->-r requirements.txt (line 3))
  Downloading scipy-1.15.2-cp312-cp312-manylinux_2_17_x86_64.manylinux2014_x86_64.whl.metadata (61 kB)
     ━━━━━━━━━━━━━━━━━━━━━━━━━━━━━━━━━━━━━━━━ 62.0/62.0 kB 528.3 kB/s eta 0:00:00
Collecting joblib>=1.2.0 (from scikit-learn==1.6.1->-r requirements.txt (line 4))
  Downloading joblib-1.4.2-py3-none-any.whl.metadata (5.4 kB)
Collecting threadpoolctl>=3.1.0 (from scikit-learn==1.6.1->-r requirements.txt (line 4))
  Downloading threadpoolctl-3.6.0-py3-none-any.whl.metadata (13 kB)
Collecting Werkzeug>=3.1 (from flask->-r requirements.txt (line 5))
  Downloading werkzeug-3.1.3-py3-none-any.whl.metadata (3.7 kB)
Collecting Jinja2>=3.1.2 (from flask->-r requirements.txt (line 5))
  Downloading jinja2-3.1.6-py3-none-any.whl.metadata (2.9 kB)
Collecting itsdangerous>=2.2 (from flask->-r requirements.txt (line 5))
  Downloading itsdangerous-2.2.0-py3-none-any.whl.metadata (1.9 kB)
Collecting click>=8.1.3 (from flask->-r requirements.txt (line 5))
  Downloading click-8.1.8-py3-none-any.whl.metadata (2.3 kB)
Collecting blinker>=1.9 (from flask->-r requirements.txt (line 5))
  Downloading blinker-1.9.0-py3-none-any.whl.metadata (1.6 kB)
INFO: pip is looking at multiple versions of cicflowmeter to determine which version is compatible with other requirements. This could take a while.
Collecting cicflowmeter (from -r requirements.txt (line 6))
  Downloading cicflowmeter-0.1.9-py3-none-any.whl.metadata (1.8 kB)
  Downloading cicflowmeter-0.1.8-py3-none-any.whl.metadata (1.8 kB)
  Downloading cicflowmeter-0.1.7-py3-none-any.whl.metadata (1.7 kB)
  Downloading cicflowmeter-0.1.6-py3-none-any.whl.metadata (1.6 kB)
Collecting scapy (from cicflowmeter->-r requirements.txt (line 6))
  Downloading scapy-2.6.1-py3-none-any.whl.metadata (5.6 kB)
Collecting charset-normalizer<4,>=2 (from requests->-r requirements.txt (line 7))
  Downloading charset_normalizer-3.4.1-cp312-cp312-manylinux_2_17_x86_64.manylinux2014_x86_64.whl.metadata (35 kB)
Collecting idna<4,>=2.5 (from requests->-r requirements.txt (line 7))
  Downloading idna-3.10-py3-none-any.whl.metadata (10 kB)
Collecting urllib3<3,>=1.21.1 (from requests->-r requirements.txt (line 7))
  Downloading urllib3-2.4.0-py3-none-any.whl.metadata (6.5 kB)
Collecting certifi>=2017.4.17 (from requests->-r requirements.txt (line 7))
  Downloading certifi-2025.1.31-py3-none-any.whl.metadata (2.5 kB)
Collecting MarkupSafe>=2.0 (from Jinja2>=3.1.2->flask->-r requirements.txt (line 5))
  Downloading MarkupSafe-3.0.2-cp312-cp312-manylinux_2_17_x86_64.manylinux2014_x86_64.whl.metadata (4.0 kB)
Collecting six>=1.5 (from python-dateutil>=2.8.2->pandas==2.2.2->-r requirements.txt (line 2))
  Downloading six-1.17.0-py2.py3-none-any.whl.metadata (1.7 kB)
Downloading numpy-2.0.2-cp312-cp312-manylinux_2_17_x86_64.manylinux2014_x86_64.whl (19.2 MB)
   ━━━━━━━━━━━━━━━━━━━━━━━━━━━━━━━━━━━━━━━━ 19.2/19.2 MB 8.1 MB/s eta 0:00:00
Downloading pandas-2.2.2-cp312-cp312-manylinux_2_17_x86_64.manylinux2014_x86_64.whl (12.7 MB)
   ━━━━━━━━━━━━━━━━━━━━━━━━━━━━━━━━━━━━━━━━ 12.7/12.7 MB 8.5 MB/s eta 0:00:00
Downloading lightgbm-4.5.0-py3-none-manylinux_2_28_x86_64.whl (3.6 MB)
   ━━━━━━━━━━━━━━━━━━━━━━━━━━━━━━━━━━━━━━━━ 3.6/3.6 MB 8.4 MB/s eta 0:00:00
Downloading scikit_learn-1.6.1-cp312-cp312-manylinux_2_17_x86_64.manylinux2014_x86_64.whl (13.1 MB)
   ━━━━━━━━━━━━━━━━━━━━━━━━━━━━━━━━━━━━━━━━ 13.1/13.1 MB 7.6 MB/s eta 0:00:00
Downloading flask-3.1.0-py3-none-any.whl (102 kB)
   ━━━━━━━━━━━━━━━━━━━━━━━━━━━━━━━━━━━━━━━━ 103.0/103.0 kB 849.2 kB/s eta 0:00:00
Downloading cicflowmeter-0.1.6-py3-none-any.whl (17 kB)
Downloading requests-2.32.3-py3-none-any.whl (64 kB)
   ━━━━━━━━━━━━━━━━━━━━━━━━━━━━━━━━━━━━━━━━ 64.9/64.9 kB 404.0 kB/s eta 0:00:00
Downloading blinker-1.9.0-py3-none-any.whl (8.5 kB)
Downloading certifi-2025.1.31-py3-none-any.whl (166 kB)
   ━━━━━━━━━━━━━━━━━━━━━━━━━━━━━━━━━━━━━━━━ 166.4/166.4 kB 1.4 MB/s eta 0:00:00
Downloading charset_normalizer-3.4.1-cp312-cp312-manylinux_2_17_x86_64.manylinux2014_x86_64.whl (145 kB)
   ━━━━━━━━━━━━━━━━━━━━━━━━━━━━━━━━━━━━━━━━ 145.3/145.3 kB 1.1 MB/s eta 0:00:00
Downloading click-8.1.8-py3-none-any.whl (98 kB)
   ━━━━━━━━━━━━━━━━━━━━━━━━━━━━━━━━━━━━━━━━ 98.2/98.2 kB 792.5 kB/s eta 0:00:00
Downloading idna-3.10-py3-none-any.whl (70 kB)
   ━━━━━━━━━━━━━━━━━━━━━━━━━━━━━━━━━━━━━━━━ 70.4/70.4 kB 1.2 MB/s eta 0:00:00
Downloading itsdangerous-2.2.0-py3-none-any.whl (16 kB)
Downloading jinja2-3.1.6-py3-none-any.whl (134 kB)
   ━━━━━━━━━━━━━━━━━━━━━━━━━━━━━━━━━━━━━━━━ 134.9/134.9 kB 1.2 MB/s eta 0:00:00
Downloading joblib-1.4.2-py3-none-any.whl (301 kB)
   ━━━━━━━━━━━━━━━━━━━━━━━━━━━━━━━━━━━━━━━━ 301.8/301.8 kB 575.3 kB/s eta 0:00:00
Downloading python_dateutil-2.9.0.post0-py2.py3-none-any.whl (229 kB)
   ━━━━━━━━━━━━━━━━━━━━━━━━━━━━━━━━━━━━━━━━ 229.9/229.9 kB 1.4 MB/s eta 0:00:00
Downloading pytz-2025.2-py2.py3-none-any.whl (509 kB)
   ━━━━━━━━━━━━━━━━━━━━━━━━━━━━━━━━━━━━━━━━ 509.2/509.2 kB 1.4 MB/s eta 0:00:00
Downloading scipy-1.15.2-cp312-cp312-manylinux_2_17_x86_64.manylinux2014_x86_64.whl (37.3 MB)
   ━━━━━━━━━━━━━━━━━━━━━━━━━━━━━━━━━━━━━━━━ 37.3/37.3 MB 7.6 MB/s eta 0:00:00
Downloading threadpoolctl-3.6.0-py3-none-any.whl (18 kB)
Downloading tzdata-2025.2-py2.py3-none-any.whl (347 kB)
   ━━━━━━━━━━━━━━━━━━━━━━━━━━━━━━━━━━━━━━━━ 347.8/347.8 kB 2.8 MB/s eta 0:00:00
Downloading urllib3-2.4.0-py3-none-any.whl (128 kB)
   ━━━━━━━━━━━━━━━━━━━━━━━━━━━━━━━━━━━━━━━━ 128.7/128.7 kB 985.6 kB/s eta 0:00:00
Downloading werkzeug-3.1.3-py3-none-any.whl (224 kB)
   ━━━━━━━━━━━━━━━━━━━━━━━━━━━━━━━━━━━━━━━━ 224.5/224.5 kB 4.7 MB/s eta 0:00:00
Downloading scapy-2.6.1-py3-none-any.whl (2.4 MB)
   ━━━━━━━━━━━━━━━━━━━━━━━━━━━━━━━━━━━━━━━━ 2.4/2.4 MB 8.2 MB/s eta 0:00:00
Downloading MarkupSafe-3.0.2-cp312-cp312-manylinux_2_17_x86_64.manylinux2014_x86_64.whl (23 kB)
Downloading six-1.17.0-py2.py3-none-any.whl (11 kB)
Installing collected packages: pytz, urllib3, tzdata, threadpoolctl, six, scapy, numpy, MarkupSafe, joblib, itsdangerous, idna, click, charset-normalizer, certifi, blinker, Werkzeug, scipy, requests, python-dateutil, Jinja2, scikit-learn, pandas, lightgbm, flask, cicflowmeter

^CERROR: Operation cancelled by user
(venv) root@Abhinav:/mnt/e/NIDS-model/src/flask-api# pip cache purge
Files removed: 158
(venv) root@Abhinav:/mnt/e/NIDS-model/src/flask-api# pip install -r requirements.txt
Requirement already satisfied: numpy==2.0.2 in ./venv/lib/python3.12/site-packages (from -r requirements.txt (line 1)) (2.0.2)
Collecting pandas==2.2.2 (from -r requirements.txt (line 2))
  Downloading pandas-2.2.2-cp312-cp312-manylinux_2_17_x86_64.manylinux2014_x86_64.whl.metadata (19 kB)
Collecting lightgbm==4.5.0 (from -r requirements.txt (line 3))
  Downloading lightgbm-4.5.0-py3-none-manylinux_2_28_x86_64.whl.metadata (17 kB)
Requirement already satisfied: scikit-learn==1.6.1 in ./venv/lib/python3.12/site-packages (from -r requirements.txt (line 4)) (1.6.1)
Collecting flask (from -r requirements.txt (line 5))
  Downloading flask-3.1.0-py3-none-any.whl.metadata (2.7 kB)
Collecting cicflowmeter (from -r requirements.txt (line 6))
  Downloading cicflowmeter-0.2.0-py3-none-any.whl.metadata (2.1 kB)
Requirement already satisfied: requests in ./venv/lib/python3.12/site-packages (from -r requirements.txt (line 7)) (2.32.3)
Requirement already satisfied: python-dateutil>=2.8.2 in ./venv/lib/python3.12/site-packages (from pandas==2.2.2->-r requirements.txt (line 2)) (2.9.0.post0)
Requirement already satisfied: pytz>=2020.1 in ./venv/lib/python3.12/site-packages (from pandas==2.2.2->-r requirements.txt (line 2)) (2025.2)
Requirement already satisfied: tzdata>=2022.7 in ./venv/lib/python3.12/site-packages (from pandas==2.2.2->-r requirements.txt (line 2)) (2025.2)
Requirement already satisfied: scipy in ./venv/lib/python3.12/site-packages (from lightgbm==4.5.0->-r requirements.txt (line 3)) (1.15.2)
Requirement already satisfied: joblib>=1.2.0 in ./venv/lib/python3.12/site-packages (from scikit-learn==1.6.1->-r requirements.txt (line 4)) (1.4.2)
Requirement already satisfied: threadpoolctl>=3.1.0 in ./venv/lib/python3.12/site-packages (from scikit-learn==1.6.1->-r requirements.txt (line 4)) (3.6.0)
Requirement already satisfied: Werkzeug>=3.1 in ./venv/lib/python3.12/site-packages (from flask->-r requirements.txt (line 5)) (3.1.3)
Requirement already satisfied: Jinja2>=3.1.2 in ./venv/lib/python3.12/site-packages (from flask->-r requirements.txt (line 5)) (3.1.6)
Requirement already satisfied: itsdangerous>=2.2 in ./venv/lib/python3.12/site-packages (from flask->-r requirements.txt (line 5)) (2.2.0)
Requirement already satisfied: click>=8.1.3 in ./venv/lib/python3.12/site-packages (from flask->-r requirements.txt (line 5)) (8.1.8)
Requirement already satisfied: blinker>=1.9 in ./venv/lib/python3.12/site-packages (from flask->-r requirements.txt (line 5)) (1.9.0)
INFO: pip is looking at multiple versions of cicflowmeter to determine which version is compatible with other requirements. This could take a while.
  Downloading cicflowmeter-0.1.9-py3-none-any.whl.metadata (1.8 kB)
  Downloading cicflowmeter-0.1.8-py3-none-any.whl.metadata (1.8 kB)
  Downloading cicflowmeter-0.1.7-py3-none-any.whl.metadata (1.7 kB)
  Downloading cicflowmeter-0.1.6-py3-none-any.whl.metadata (1.6 kB)
Requirement already satisfied: scapy in ./venv/lib/python3.12/site-packages (from cicflowmeter->-r requirements.txt (line 6)) (2.6.1)
Requirement already satisfied: charset-normalizer<4,>=2 in ./venv/lib/python3.12/site-packages (from requests->-r requirements.txt (line 7)) (3.4.1)
Requirement already satisfied: idna<4,>=2.5 in ./venv/lib/python3.12/site-packages (from requests->-r requirements.txt (line 7)) (3.10)
Requirement already satisfied: urllib3<3,>=1.21.1 in ./venv/lib/python3.12/site-packages (from requests->-r requirements.txt (line 7)) (2.4.0)
Requirement already satisfied: certifi>=2017.4.17 in ./venv/lib/python3.12/site-packages (from requests->-r requirements.txt (line 7)) (2025.1.31)
Requirement already satisfied: MarkupSafe>=2.0 in ./venv/lib/python3.12/site-packages (from Jinja2>=3.1.2->flask->-r requirements.txt (line 5)) (3.0.2)
Requirement already satisfied: six>=1.5 in ./venv/lib/python3.12/site-packages (from python-dateutil>=2.8.2->pandas==2.2.2->-r requirements.txt (line 2)) (1.17.0)
Downloading pandas-2.2.2-cp312-cp312-manylinux_2_17_x86_64.manylinux2014_x86_64.whl (12.7 MB)
   ━━━━━━━━━━━━━━━━━━━━━━━━━━━━━━━━━━━━━━━━ 12.7/12.7 MB 6.3 MB/s eta 0:00:00
Downloading lightgbm-4.5.0-py3-none-manylinux_2_28_x86_64.whl (3.6 MB)
   ━━━━━━━━━━━━━━━━━━━━━━━━━━━━━━━━━━━━━━━━ 3.6/3.6 MB 7.2 MB/s eta 0:00:00
Downloading flask-3.1.0-py3-none-any.whl (102 kB)
   ━━━━━━━━━━━━━━━━━━━━━━━━━━━━━━━━━━━━━━━━ 103.0/103.0 kB 644.5 kB/s eta 0:00:00
Downloading cicflowmeter-0.1.6-py3-none-any.whl (17 kB)
Installing collected packages: pandas, lightgbm, flask, cicflowmeter
Successfully installed cicflowmeter-0.1.6 flask-3.1.0 lightgbm-4.5.0 pandas-2.2.2
(venv) root@Abhinav:/mnt/e/NIDS-model/src/flask-api# python -m flask --version
python -c "import cicflowmeter; print(cicflowmeter.__version__)"
python -c "import scapy; print(scapy.__version__)"
Python 3.12.3
Flask 3.1.0
Werkzeug 3.1.3
0.1.6
2.6.1
(venv) root@Abhinav:/mnt/e/NIDS-model/src/flask-api# cd /mnt/e/NIDS-model/src/flask-api
(venv) root@Abhinav:/mnt/e/NIDS-model/src/flask-api# python run.py
Traceback (most recent call last):
  File "/mnt/e/NIDS-model/src/flask-api/run.py", line 4, in <module>
    app = create_app()
          ^^^^^^^^^^^^
  File "/mnt/e/NIDS-model/src/flask-api/app/__init__.py", line 23, in create_app
    from app.routes import api
  File "/mnt/e/NIDS-model/src/flask-api/app/routes.py", line 3, in <module>
    from .services import pcap_saver, cicflow_converter, csv_loader, model_predictor, cleaner
  File "/mnt/e/NIDS-model/src/flask-api/app/services/model_predictor.py", line 5, in <module>
    model = joblib.load(MODEL_PATH)
            ^^^^^^^^^^^^^^^^^^^^^^^
  File "/mnt/e/NIDS-model/src/flask-api/venv/lib/python3.12/site-packages/joblib/numpy_pickle.py", line 658, in load
    obj = _unpickle(fobj, filename, mmap_mode)
          ^^^^^^^^^^^^^^^^^^^^^^^^^^^^^^^^^^^^
  File "/mnt/e/NIDS-model/src/flask-api/venv/lib/python3.12/site-packages/joblib/numpy_pickle.py", line 577, in _unpickle
    obj = unpickler.load()
          ^^^^^^^^^^^^^^^^
  File "/usr/lib/python3.12/pickle.py", line 1205, in load
    dispatch[key[0]](self)
  File "/usr/lib/python3.12/pickle.py", line 1530, in load_stack_global
    self.append(self.find_class(module, name))
                ^^^^^^^^^^^^^^^^^^^^^^^^^^^^^
  File "/usr/lib/python3.12/pickle.py", line 1572, in find_class
    __import__(module, level=0)
  File "/mnt/e/NIDS-model/src/flask-api/venv/lib/python3.12/site-packages/lightgbm/__init__.py", line 9, in <module>
    from .basic import Booster, Dataset, Sequence, register_logger
  File "/mnt/e/NIDS-model/src/flask-api/venv/lib/python3.12/site-packages/lightgbm/basic.py", line 281, in <module>
    _LIB = _load_lib()
           ^^^^^^^^^^^
  File "/mnt/e/NIDS-model/src/flask-api/venv/lib/python3.12/site-packages/lightgbm/basic.py", line 265, in _load_lib
    lib = ctypes.cdll.LoadLibrary(lib_path[0])
          ^^^^^^^^^^^^^^^^^^^^^^^^^^^^^^^^^^^^
  File "/usr/lib/python3.12/ctypes/__init__.py", line 460, in LoadLibrary
    return self._dlltype(name)
           ^^^^^^^^^^^^^^^^^^^
  File "/usr/lib/python3.12/ctypes/__init__.py", line 379, in __init__
    self._handle = _dlopen(self._name, mode)
                   ^^^^^^^^^^^^^^^^^^^^^^^^^
OSError: libgomp.so.1: cannot open shared object file: No such file or directory
(venv) root@Abhinav:/mnt/e/NIDS-model/src/flask-api# sudo apt update
sudo apt install libgomp1
Hit:1 http://archive.ubuntu.com/ubuntu noble InRelease
Hit:2 http://security.ubuntu.com/ubuntu noble-security InRelease
Hit:3 http://archive.ubuntu.com/ubuntu noble-updates InRelease
Hit:4 http://archive.ubuntu.com/ubuntu noble-backports InRelease
Reading package lists... Done
Building dependency tree... Done
Reading state information... Done
54 packages can be upgraded. Run 'apt list --upgradable' to see them.
Reading package lists... Done
Building dependency tree... Done
Reading state information... Done
The following package was automatically installed and is no longer required:
  libllvm17t64
Use 'sudo apt autoremove' to remove it.
The following NEW packages will be installed:
  libgomp1
0 upgraded, 1 newly installed, 0 to remove and 54 not upgraded.
Need to get 148 kB of archives.
After this operation, 382 kB of additional disk space will be used.
Get:1 http://archive.ubuntu.com/ubuntu noble-updates/main amd64 libgomp1 amd64 14.2.0-4ubuntu2~24.04 [148 kB]
Fetched 148 kB in 2s (86.3 kB/s)
Selecting previously unselected package libgomp1:amd64.
(Reading database ... 40885 files and directories currently installed.)
Preparing to unpack .../libgomp1_14.2.0-4ubuntu2~24.04_amd64.deb ...
Unpacking libgomp1:amd64 (14.2.0-4ubuntu2~24.04) ...
Setting up libgomp1:amd64 (14.2.0-4ubuntu2~24.04) ...
Processing triggers for libc-bin (2.39-0ubuntu8.4) ...
(venv) root@Abhinav:/mnt/e/NIDS-model/src/flask-api# python run.py
 * Serving Flask app 'app'
 * Debug mode: on
2025-04-13 10:45:21,338 - werkzeug - INFO - WARNING: This is a development server. Do not use it in a production deployment. Use a production WSGI server instead.
 * Running on all addresses (0.0.0.0)
 * Running on http://127.0.0.1:5000
 * Running on http://172.27.219.119:5000
2025-04-13 10:45:21,338 - werkzeug - INFO - Press CTRL+C to quit
2025-04-13 10:45:21,351 - werkzeug - INFO -  * Restarting with stat
2025-04-13 10:45:28,819 - werkzeug - WARNING -  * Debugger is active!
2025-04-13 10:45:28,838 - werkzeug - INFO -  * Debugger PIN: 294-989-293
2025-04-13 10:49:32,393 - root - INFO - Received prediction request
2025-04-13 10:49:32,404 - root - INFO - Received data of size: 437 bytes
2025-04-13 10:49:32,405 - root - INFO - Received data of size: 437 bytes
2025-04-13 10:49:32,411 - root - INFO - Saved PCAP file at /mnt/e/NIDS-model/src/flask-api/data/input.pcap with size: 437 bytes
2025-04-13 10:49:32,415 - root - INFO - Converting PCAP: /mnt/e/NIDS-model/src/flask-api/data/input.pcap to CSV: /mnt/e/NIDS-model/src/flask-api/data/output/converted.csv
2025-04-13 10:49:38,392 - root - INFO - CICFlowMeter output:
2025-04-13 10:49:38,397 - root - INFO - CSV file created with size: 0 bytes
2025-04-13 10:49:38,398 - root - ERROR - CSV file is empty!
2025-04-13 10:49:38,398 - root - ERROR - CICFlowMeter produced empty or no CSV
2025-04-13 10:49:38,400 - werkzeug - INFO - 127.0.0.1 - - [13/Apr/2025 10:49:38] "POST /api/predict HTTP/1.1" 400 -
